$ /opt/homebrew/bin/ngspice -b -r rail_droop_holdup.raw rail_droop_holdup.cir
exit 0  0.106 s


Note: No compatibility mode selected!


Circuit: * halo rev a: the cell is removed at t = 0.5 s and the 40 uf bulk holds the rail up

binary raw file "/Users/leifrydenfalk/dev/ce-workshop/ce-designs/halo/out/release/board/sim/rail_droop/rail_droop_holdup.raw"
Doing analysis at TEMP = 27.000000 and TNOM = 27.000000

Using SPARSE 1.3 as Direct Linear Solver
No. of Data Columns : 6  

Initial Transient Solution
--------------------------

Node                                   Voltage
----                                   -------
vcell                                        2
vbat                                   1.99986
sw_ctl                                       1
vctl#branch                                  0
vcell#branch                          -2.4e-06


No. of Data Rows : 3033

Total analysis time (seconds) = 0.027862

Total elapsed time (seconds) = 0.062 

Total DRAM available = 8192.000 MB.
DRAM currently available = 2084.328 MB.
Maximum ngspice program size =    9.875 MB.
Current ngspice program size =    9.875 MB.

