$ /opt/homebrew/bin/ngspice -b -r rail_droop_worst_case_no_bulk.raw rail_droop_worst_case_no_bulk.cir
exit 0  0.306 s


Note: No compatibility mode selected!


Circuit: * halo rev a rail: cr2032 at 2.0 v / 140 ohm, no bulk, nrf54l10 3.7 ma tx pulse

binary raw file "/Users/leifrydenfalk/dev/ce-workshop/ce-designs/halo/out/release/board/sim/rail_droop/rail_droop_worst_case_no_bulk.raw"
Doing analysis at TEMP = 27.000000 and TNOM = 27.000000

Using SPARSE 1.3 as Direct Linear Solver
No. of Data Columns : 4  

Initial Transient Solution
--------------------------

Node                                   Voltage
----                                   -------
vcell                                        2
vbat                                   1.99966
vcell#branch                          -2.4e-06


No. of Data Rows : 42092

Total analysis time (seconds) = 0.250675

Total elapsed time (seconds) = 0.271 

Total DRAM available = 8192.000 MB.
DRAM currently available = 2139.750 MB.
Maximum ngspice program size =    9.906 MB.
Current ngspice program size =    9.906 MB.

