$ /opt/homebrew/bin/ngspice -b -r sounder_25nf_rs500.raw sounder_25nf_rs500.cir
exit 0  0.104 s


Note: No compatibility mode selected!


Circuit: * halo rev a sounder: 25 nf bender, 100 r series, anti-phase from two gpio at 4.0 khz, 2.0 v cell at 60 ohm

binary raw file "/Users/leifrydenfalk/dev/ce-workshop/ce-designs/halo/out/release/board/sim/sounder_drive/sounder_25nf_rs500.raw"
Doing analysis at TEMP = 27.000000 and TNOM = 27.000000

Using SPARSE 1.3 as Direct Linear Solver
No. of Data Columns : 14  

Initial Transient Solution
--------------------------

Node                                   Voltage
----                                   -------
vcell                                        2
vbat                                         2
drv_p                                        0
drv_n                                        2
pin_p                                        0
pin_n                                        2
bend_p                                       0
bend_r                                       2
vdiff                                       -2
bdiff#branch                                 0
vn#branch                         -5.55112e-18
vp#branch                                    0
vcell#branch                                 0


No. of Data Rows : 3316

Total analysis time (seconds) = 0.025175

Total elapsed time (seconds) = 0.042 

Total DRAM available = 8192.000 MB.
DRAM currently available = 1550.484 MB.
Maximum ngspice program size =    9.922 MB.
Current ngspice program size =    9.922 MB.

