d_rim limit -- the rim tear-off joints by boundary evidence

  run_id   2026-09-05T05:52:56Z git eeee36d image sha 5d5f8475b774
  SOURCE   oflynn-backside-fullres.jpeg  (the side carrying the SoC and the shield can)
  scale    106.313 px/mm stored, 35.438 at downsample 3; GENUINE 20.7-27.4 px/mm
  rim mask 0.86-1.01 of the LOCAL edge radius r(theta); 1440323 stored px, 156768 at d=3
  PREDICTIONS committed first: metrology/darkpkg/P01-RIM-PADS-PREDICTIONS-BEFORE-MEASURING.md

  P2 TEST -- the PAD-SCALE limit, pasted INTO THE RIM ITSELF.
  The dark packages' 100-160 luma was measured on a 3.2 mm object and
  MUST NOT be reused at 1.1 mm. This ladder is at pad size, at the rim.

  5 paste sites: the quietest non-overlapping 2.1 mm windows lying wholly IN THE RIM ANNULUS.
    site 0  (  1572,  3003) theta   87.8 deg  mean |grad|  1.81
    site 1  (  1794,  2922) theta   77.1 deg  mean |grad|  1.99
    site 2  (  1401,   696) theta  263.4 deg  mean |grad|  5.24
    site 3  (  2685,  1965) theta   11.0 deg  mean |grad|  5.99
    site 4  (  2286,  2541) theta   46.4 deg  mean |grad|  6.06

  SITE 0
    step  200.0  |z| L 27.2 R 27.3 T 37.5 B 36.2   clearing 4/4   1.129 x 1.101 mm
    step  170.0  |z| L 25.4 R 25.5 T 33.1 B 31.7   clearing 4/4   1.129 x 1.101 mm
    step  140.0  |z| L 23.1 R 23.2 T 28.1 B 26.8   clearing 2/4   1.129 x 1.101 mm
    step  120.0  |z| L 21.0 R 21.1 T 24.5 B 23.1   clearing 1/4   1.129 x 1.101 mm
    step  100.0  |z| L 18.4 R 18.5 T 20.9 B 19.4   clearing 0/4   1.129 x 1.101 mm
    step   80.0  |z| L 15.3 R 15.4 T 16.9 B 15.5   clearing 0/4   1.129 x 1.101 mm
    step   60.0  |z| L 11.9 R 12.0 T 12.8 B 11.3   clearing 0/4   1.129 x 1.101 mm
    step   45.0  |z| L 9.0 R 9.1 T 9.6 B 8.2   clearing 0/4   1.129 x 1.101 mm
    step   30.0  |z| L 6.0 R 6.1 T 6.5 B 5.5   clearing 0/4   1.157 x 1.072 mm
    step   20.0  |z| L 3.9 R 4.0 T 4.4 B 4.5   clearing 0/4   1.242 x 1.101 mm
    step   10.0  |z| L 1.7 R 1.9 T 3.1 B 4.4   clearing 0/4   1.101 x 0.847 mm
    -> 3 of 4 at 170.0 luma, 4 of 4 at 170.0

  SITE 1
    step  200.0  |z| L 28.5 R 28.7 T 27.3 B 27.0   clearing 4/4   1.101 x 1.101 mm
    step  170.0  |z| L 26.5 R 26.6 T 23.9 B 23.6   clearing 3/4   1.101 x 1.101 mm
    step  140.0  |z| L 24.1 R 24.2 T 20.2 B 19.8   clearing 2/4   1.101 x 1.101 mm
    step  120.0  |z| L 22.2 R 22.3 T 17.7 B 17.4   clearing 0/4   1.101 x 1.101 mm
    step  100.0  |z| L 19.9 R 20.1 T 15.1 B 14.7   clearing 0/4   1.101 x 1.101 mm
    step   80.0  |z| L 17.6 R 17.8 T 12.2 B 11.9   clearing 0/4   1.101 x 1.101 mm
    step   60.0  |z| L 14.8 R 15.0 T 9.3 B 9.0   clearing 0/4   1.101 x 1.101 mm
    step   45.0  |z| L 12.1 R 12.4 T 7.1 B 6.7   clearing 0/4   1.101 x 1.101 mm
    step   30.0  |z| L 8.7 R 8.9 T 4.8 B 4.5   clearing 0/4   1.101 x 1.101 mm
    step   20.0  |z| L 5.8 R 6.1 T 3.3 B 3.0   clearing 0/4   1.101 x 1.101 mm
    step   10.0  |z| L 3.0 R 3.1 T 1.6 B 1.4   clearing 0/4   1.101 x 0.762 mm
    -> 3 of 4 at 170.0 luma, 4 of 4 at 200.0

  SITE 2
    step  200.0  |z| L 27.1 R 29.0 T 25.2 B 31.8   clearing 4/4   1.129 x 1.101 mm
    step  170.0  |z| L 24.0 R 26.1 T 21.0 B 27.8   clearing 3/4   1.129 x 1.101 mm
    step  140.0  |z| L 20.8 R 23.0 T 16.4 B 23.3   clearing 0/4   1.129 x 1.101 mm
    step  120.0  |z| L 16.5 R 21.4 T 15.8 B 20.1   clearing 0/4   1.326 x 1.129 mm
    step  100.0  |z| L 14.3 R 19.4 T 15.8 B 16.8   clearing 0/4   1.326 x 1.129 mm
    step   80.0  |z| L 11.7 R 17.1 T 15.9 B 13.5   clearing 0/4   1.326 x 1.129 mm
    step   60.0  |z| L 8.6 R 14.3 T 15.9 B 10.1   clearing 0/4   1.326 x 1.129 mm
    step   45.0  |z| L 6.1 R 11.8 T 15.9 B 7.6   clearing 0/4   1.326 x 1.129 mm
    step   30.0  |z| L 5.2 R 9.2 T 14.6 B 4.9   clearing 0/4   1.326 x 0.734 mm
    step   20.0  |z| L 5.2 R 7.5 T 14.6 B 3.3   clearing 0/4   1.326 x 0.734 mm
    step   10.0  |z| L 5.2 R 5.7 T 14.5 B 1.7   clearing 0/4   1.326 x 0.734 mm
    -> 3 of 4 at 170.0 luma, 4 of 4 at 200.0

  SITE 3
    step  200.0  |z| L 34.9 R 35.5 T 29.0 B 28.6   clearing 4/4   1.101 x 1.072 mm
    step  170.0  |z| L 31.1 R 31.8 T 26.0 B 25.5   clearing 4/4   1.101 x 1.072 mm
    step  140.0  |z| L 27.0 R 27.7 T 22.4 B 21.9   clearing 2/4   1.101 x 1.072 mm
    step  120.0  |z| L 23.9 R 24.6 T 19.6 B 19.1   clearing 2/4   1.101 x 1.072 mm
    step  100.0  |z| L 20.5 R 21.2 T 16.9 B 16.4   clearing 0/4   1.101 x 1.072 mm
    step   80.0  |z| L 16.6 R 17.4 T 13.9 B 13.4   clearing 0/4   1.101 x 1.072 mm
    step   60.0  |z| L 12.3 R 13.1 T 10.8 B 10.3   clearing 0/4   1.101 x 1.072 mm
    step   45.0  |z| L 8.5 R 7.8 T 9.9 B 8.0   clearing 0/4   1.467 x 0.734 mm
    step   30.0  |z| L 8.5 R 4.9 T 9.9 B 5.4   clearing 0/4   1.467 x 0.734 mm
    step   20.0  |z| L 8.5 R 3.0 T 12.0 B 3.0   clearing 0/4   1.326 x 0.734 mm
    step   10.0  |z| L 6.7 R 2.2 T 12.1 B 1.7   clearing 0/4   1.354 x 0.508 mm
    -> 3 of 4 at 170.0 luma, 4 of 4 at 170.0

  SITE 4
    step  200.0  |z| L 33.3 R 32.7 T 32.0 B 28.0   clearing 4/4   1.072 x 1.072 mm
    step  170.0  |z| L 29.4 R 28.8 T 28.6 B 24.4   clearing 4/4   1.072 x 1.072 mm
    step  140.0  |z| L 25.0 R 24.3 T 24.4 B 20.0   clearing 3/4   1.072 x 1.072 mm
    step  120.0  |z| L 21.8 R 21.2 T 21.3 B 16.8   clearing 0/4   1.072 x 1.072 mm
    step  100.0  |z| L 18.6 R 17.9 T 17.9 B 13.4   clearing 0/4   1.072 x 1.072 mm
    step   80.0  |z| L 15.1 R 14.4 T 14.3 B 9.8   clearing 0/4   1.072 x 1.072 mm
    step   60.0  |z| L 11.4 R 10.8 T 10.7 B 6.2   clearing 0/4   1.072 x 1.072 mm
    step   45.0  |z| L 7.2 R 6.6 T 8.0 B 5.1   clearing 0/4   1.298 x 0.734 mm
    step   30.0  |z| L 4.7 R 6.5 T 4.3 B 7.6   clearing 0/4   1.298 x 1.185 mm
    step   20.0  |z| L 3.1 R 6.5 T 2.9 B 7.8   clearing 0/4   1.298 x 1.157 mm
    step   10.0  |z| L 2.3 R 6.1 T 1.4 B 8.5   clearing 0/4   1.157 x 0.649 mm
    -> 3 of 4 at 140.0 luma, 4 of 4 at 170.0

  PAD-SCALE LIMIT ACROSS 5 RIM SITES:
    3 of 4 sides needs 140.0-170.0 luma  (5/5 sites reach it)
    4 of 4 sides needs 170.0-200.0 luma  (5/5 sites reach it)

  wrote metrology/darkpkg/r-limit.json
